../../Middlewares/ST/touchgfx/framework/include/touchgfx/hal/DMA.hpp:138:18:virtual void touchgfx::DMA_Interface::flush()	0	static
../../TouchGFX/target/generated/STM32DMA.hpp:72:31:virtual touchgfx::DMAType STM32DMA::getDMAType()	0	static
../../TouchGFX/target/generated/STM32DMA.hpp:108:18:virtual void STM32DMA::signalDMAInterrupt()	0	static
F:/projects/MidiController/MidiController/TouchGFX/target/generated/STM32DMA.cpp:142:16:virtual touchgfx::BlitOperations STM32DMA::getBlitCaps()	0	static
F:/projects/MidiController/MidiController/TouchGFX/target/generated/STM32DMA.cpp:54:1:STM32DMA::~STM32DMA()	0	static,ignoring_inline_asm
F:/projects/MidiController/MidiController/TouchGFX/target/generated/STM32DMA.cpp:54:1:virtual STM32DMA::~STM32DMA()	8	static
F:/projects/MidiController/MidiController/TouchGFX/target/generated/STM32DMA.cpp:60:6:virtual void STM32DMA::initialize()	8	static,ignoring_inline_asm
F:/projects/MidiController/MidiController/TouchGFX/target/generated/STM32DMA.cpp:42:17:void DMA2D_XferCpltCallback(DMA2D_HandleTypeDef*)	0	static
F:/projects/MidiController/MidiController/TouchGFX/target/generated/STM32DMA.cpp:49:1:STM32DMA::STM32DMA()	16	static
F:/projects/MidiController/MidiController/TouchGFX/target/generated/STM32DMA.cpp:74:17:uint32_t STM32DMA::getChromARTInputFormat(touchgfx::Bitmap::BitmapFormat)	8	static
F:/projects/MidiController/MidiController/TouchGFX/target/generated/STM32DMA.cpp:109:17:uint32_t STM32DMA::getChromARTOutputFormat(touchgfx::Bitmap::BitmapFormat)	8	static
F:/projects/MidiController/MidiController/TouchGFX/target/generated/STM32DMA.cpp:165:6:virtual void STM32DMA::setupDataCopy(const touchgfx::BlitOp&)	32	static
F:/projects/MidiController/MidiController/TouchGFX/target/generated/STM32DMA.cpp:332:6:virtual void STM32DMA::setupDataFill(const touchgfx::BlitOp&)	16	static
F:/projects/MidiController/MidiController/TouchGFX/target/generated/STM32DMA.cpp:402:10:void touchgfx::paint::rgb888::setL8Pallette(const uint8_t*)	0	static
F:/projects/MidiController/MidiController/TouchGFX/target/generated/STM32DMA.cpp:413:10:void touchgfx::paint::rgb888::tearDown()	0	static
F:/projects/MidiController/MidiController/TouchGFX/target/generated/STM32DMA.cpp:428:10:void touchgfx::paint::rgb888::lineFromColor(uint8_t*, unsigned int, uint32_t, uint8_t)	12	static
F:/projects/MidiController/MidiController/TouchGFX/target/generated/STM32DMA.cpp:478:10:void touchgfx::paint::rgb888::lineFromRGB888(uint8_t*, const uint8_t*, unsigned int, uint8_t)	12	static
F:/projects/MidiController/MidiController/TouchGFX/target/generated/STM32DMA.cpp:522:10:void touchgfx::paint::rgb888::lineFromARGB8888(uint8_t*, const uint32_t*, unsigned int, uint8_t)	12	static
F:/projects/MidiController/MidiController/TouchGFX/target/generated/STM32DMA.cpp:554:10:void touchgfx::paint::rgb888::lineFromL8RGB888(uint8_t*, const uint8_t*, unsigned int, uint8_t)	16	static
F:/projects/MidiController/MidiController/TouchGFX/target/generated/STM32DMA.cpp:619:10:void touchgfx::paint::rgb888::lineFromL8ARGB8888(uint8_t*, const uint8_t*, unsigned int, uint8_t)	12	static
