F:/projects/MidiController/MidiController/Middlewares/ST/STM32_USB_Host_Library/Core/Src/usbh_pipes.c:85:20:USBH_OpenPipe	24	static
F:/projects/MidiController/MidiController/Middlewares/ST/STM32_USB_Host_Library/Core/Src/usbh_pipes.c:102:20:USBH_ClosePipe	8	static
F:/projects/MidiController/MidiController/Middlewares/ST/STM32_USB_Host_Library/Core/Src/usbh_pipes.c:117:9:USBH_AllocPipe	12	static
F:/projects/MidiController/MidiController/Middlewares/ST/STM32_USB_Host_Library/Core/Src/usbh_pipes.c:139:20:USBH_FreePipe	0	static
