F:/projects/MidiController/MidiController/Middlewares/ST/STM32_USB_Host_Library/Class/MTP/Src/usbh_mtp.c:540:27:USBH_MTP_SOFProcess	0	static
F:/projects/MidiController/MidiController/Middlewares/ST/STM32_USB_Host_Library/Class/MTP/Src/usbh_mtp.c:372:27:USBH_MTP_ClassRequest	8	static
F:/projects/MidiController/MidiController/Middlewares/ST/STM32_USB_Host_Library/Class/MTP/Src/usbh_mtp.c:331:27:USBH_MTP_InterfaceDeInit	16	static
F:/projects/MidiController/MidiController/Middlewares/ST/STM32_USB_Host_Library/Class/MTP/Src/usbh_mtp.c:138:27:USBH_MTP_InterfaceInit	56	static
F:/projects/MidiController/MidiController/Middlewares/ST/STM32_USB_Host_Library/Class/MTP/Src/usbh_mtp.c:554:9:USBH_MTP_IsReady	0	static
F:/projects/MidiController/MidiController/Middlewares/ST/STM32_USB_Host_Library/Class/MTP/Src/usbh_mtp.c:567:20:USBH_MTP_GetNumStorage	0	static
F:/projects/MidiController/MidiController/Middlewares/ST/STM32_USB_Host_Library/Class/MTP/Src/usbh_mtp.c:587:20:USBH_MTP_SelectStorage	0	static
F:/projects/MidiController/MidiController/Middlewares/ST/STM32_USB_Host_Library/Class/MTP/Src/usbh_mtp.c:607:20:USBH_MTP_GetStorageInfo	8	static
F:/projects/MidiController/MidiController/Middlewares/ST/STM32_USB_Host_Library/Class/MTP/Src/usbh_mtp.c:626:20:USBH_MTP_GetNumObjects	40	static
F:/projects/MidiController/MidiController/Middlewares/ST/STM32_USB_Host_Library/Class/MTP/Src/usbh_mtp.c:659:20:USBH_MTP_GetObjectHandles	40	static
F:/projects/MidiController/MidiController/Middlewares/ST/STM32_USB_Host_Library/Class/MTP/Src/usbh_mtp.c:693:20:USBH_MTP_GetObjectInfo	24	static
F:/projects/MidiController/MidiController/Middlewares/ST/STM32_USB_Host_Library/Class/MTP/Src/usbh_mtp.c:721:20:USBH_MTP_DeleteObject	24	static
F:/projects/MidiController/MidiController/Middlewares/ST/STM32_USB_Host_Library/Class/MTP/Src/usbh_mtp.c:750:20:USBH_MTP_GetObject	24	static
F:/projects/MidiController/MidiController/Middlewares/ST/STM32_USB_Host_Library/Class/MTP/Src/usbh_mtp.c:778:20:USBH_MTP_GetPartialObject	40	static
F:/projects/MidiController/MidiController/Middlewares/ST/STM32_USB_Host_Library/Class/MTP/Src/usbh_mtp.c:811:20:USBH_MTP_GetObjectPropsSupported	32	static
F:/projects/MidiController/MidiController/Middlewares/ST/STM32_USB_Host_Library/Class/MTP/Src/usbh_mtp.c:841:20:USBH_MTP_GetObjectPropDesc	32	static
F:/projects/MidiController/MidiController/Middlewares/ST/STM32_USB_Host_Library/Class/MTP/Src/usbh_mtp.c:870:20:USBH_MTP_GetObjectPropList	32	static
F:/projects/MidiController/MidiController/Middlewares/ST/STM32_USB_Host_Library/Class/MTP/Src/usbh_mtp.c:900:20:USBH_MTP_SendObject	32	static
F:/projects/MidiController/MidiController/Middlewares/ST/STM32_USB_Host_Library/Class/MTP/Src/usbh_mtp.c:1066:20:USBH_MTP_GetDevicePropDesc	24	static
F:/projects/MidiController/MidiController/Middlewares/ST/STM32_USB_Host_Library/Class/MTP/Src/usbh_mtp.c:1092:13:USBH_MTP_EventsCallback	0	static
F:/projects/MidiController/MidiController/Middlewares/ST/STM32_USB_Host_Library/Class/MTP/Src/usbh_mtp.c:396:27:USBH_MTP_Process	40	static
