F:/projects/MidiController/MidiController/Middlewares/ST/STM32_USB_Host_Library/Class/MTP/Src/usbh_mtp_ptp.c:877:13:PTP_GetString	12	static
F:/projects/MidiController/MidiController/Middlewares/ST/STM32_USB_Host_Library/Class/MTP/Src/usbh_mtp_ptp.c:903:17:PTP_GetArray16	12	static
F:/projects/MidiController/MidiController/Middlewares/ST/STM32_USB_Host_Library/Class/MTP/Src/usbh_mtp_ptp.c:558:13:PTP_DecodeDeviceInfo	32	static
F:/projects/MidiController/MidiController/Middlewares/ST/STM32_USB_Host_Library/Class/MTP/Src/usbh_mtp_ptp.c:510:13:PTP_BufferFullCallback	8	static
F:/projects/MidiController/MidiController/Middlewares/ST/STM32_USB_Host_Library/Class/MTP/Src/usbh_mtp_ptp.c:749:13:PTP_GetDevicePropValue.constprop	24	static
F:/projects/MidiController/MidiController/Middlewares/ST/STM32_USB_Host_Library/Class/MTP/Src/usbh_mtp_ptp.c:924:17:PTP_GetArray32.constprop	12	static
F:/projects/MidiController/MidiController/Middlewares/ST/STM32_USB_Host_Library/Class/MTP/Src/usbh_mtp_ptp.c:125:20:USBH_PTP_Init	0	static
F:/projects/MidiController/MidiController/Middlewares/ST/STM32_USB_Host_Library/Class/MTP/Src/usbh_mtp_ptp.c:459:20:USBH_PTP_SendRequest	16	static
F:/projects/MidiController/MidiController/Middlewares/ST/STM32_USB_Host_Library/Class/MTP/Src/usbh_mtp_ptp.c:487:20:USBH_PTP_GetResponse	0	static
F:/projects/MidiController/MidiController/Middlewares/ST/STM32_USB_Host_Library/Class/MTP/Src/usbh_mtp_ptp.c:143:20:USBH_PTP_Process	72	static
F:/projects/MidiController/MidiController/Middlewares/ST/STM32_USB_Host_Library/Class/MTP/Src/usbh_mtp_ptp.c:949:20:USBH_PTP_OpenSession	64	static
F:/projects/MidiController/MidiController/Middlewares/ST/STM32_USB_Host_Library/Class/MTP/Src/usbh_mtp_ptp.c:1005:20:USBH_PTP_GetDevicePropDesc	64	static
F:/projects/MidiController/MidiController/Middlewares/ST/STM32_USB_Host_Library/Class/MTP/Src/usbh_mtp_ptp.c:1073:20:USBH_PTP_GetDeviceInfo	72	static
F:/projects/MidiController/MidiController/Middlewares/ST/STM32_USB_Host_Library/Class/MTP/Src/usbh_mtp_ptp.c:1135:20:USBH_PTP_GetStorageIds	64	static
F:/projects/MidiController/MidiController/Middlewares/ST/STM32_USB_Host_Library/Class/MTP/Src/usbh_mtp_ptp.c:1197:20:USBH_PTP_GetStorageInfo	64	static
F:/projects/MidiController/MidiController/Middlewares/ST/STM32_USB_Host_Library/Class/MTP/Src/usbh_mtp_ptp.c:1262:20:USBH_PTP_GetNumObjects	72	static
F:/projects/MidiController/MidiController/Middlewares/ST/STM32_USB_Host_Library/Class/MTP/Src/usbh_mtp_ptp.c:1327:20:USBH_PTP_GetObjectHandles	72	static
F:/projects/MidiController/MidiController/Middlewares/ST/STM32_USB_Host_Library/Class/MTP/Src/usbh_mtp_ptp.c:1398:20:USBH_PTP_GetObjectInfo	64	static
F:/projects/MidiController/MidiController/Middlewares/ST/STM32_USB_Host_Library/Class/MTP/Src/usbh_mtp_ptp.c:1463:20:USBH_PTP_DeleteObject	64	static
F:/projects/MidiController/MidiController/Middlewares/ST/STM32_USB_Host_Library/Class/MTP/Src/usbh_mtp_ptp.c:1520:20:USBH_PTP_GetObject	64	static
F:/projects/MidiController/MidiController/Middlewares/ST/STM32_USB_Host_Library/Class/MTP/Src/usbh_mtp_ptp.c:1597:20:USBH_PTP_GetPartialObject	72	static
F:/projects/MidiController/MidiController/Middlewares/ST/STM32_USB_Host_Library/Class/MTP/Src/usbh_mtp_ptp.c:1677:20:USBH_PTP_GetObjectPropsSupported	72	static
F:/projects/MidiController/MidiController/Middlewares/ST/STM32_USB_Host_Library/Class/MTP/Src/usbh_mtp_ptp.c:1743:20:USBH_PTP_GetObjectPropDesc	64	static
F:/projects/MidiController/MidiController/Middlewares/ST/STM32_USB_Host_Library/Class/MTP/Src/usbh_mtp_ptp.c:1811:20:USBH_PTP_GetObjectPropList	88	static
F:/projects/MidiController/MidiController/Middlewares/ST/STM32_USB_Host_Library/Class/MTP/Src/usbh_mtp_ptp.c:1889:20:USBH_PTP_SendObject	64	static
