F:/projects/MidiController/MidiController/Middlewares/ST/STM32_USB_Host_Library/Core/Src/usbh_core.c:221:27:DeInitStateMachine.isra	16	static
F:/projects/MidiController/MidiController/Middlewares/ST/STM32_USB_Host_Library/Core/Src/usbh_core.c:96:21:USBH_Init	16	static
F:/projects/MidiController/MidiController/Middlewares/ST/STM32_USB_Host_Library/Core/Src/usbh_core.c:178:20:USBH_DeInit	8	static
F:/projects/MidiController/MidiController/Middlewares/ST/STM32_USB_Host_Library/Core/Src/usbh_core.c:261:20:USBH_RegisterClass	8	static
F:/projects/MidiController/MidiController/Middlewares/ST/STM32_USB_Host_Library/Core/Src/usbh_core.c:296:20:USBH_SelectInterface	16	static
F:/projects/MidiController/MidiController/Middlewares/ST/STM32_USB_Host_Library/Core/Src/usbh_core.c:325:9:USBH_GetActiveClass	0	static
F:/projects/MidiController/MidiController/Middlewares/ST/STM32_USB_Host_Library/Core/Src/usbh_core.c:341:10:USBH_FindInterface	16	static
F:/projects/MidiController/MidiController/Middlewares/ST/STM32_USB_Host_Library/Core/Src/usbh_core.c:374:10:USBH_FindInterfaceIndex	12	static
F:/projects/MidiController/MidiController/Middlewares/ST/STM32_USB_Host_Library/Core/Src/usbh_core.c:402:21:USBH_Start	8	static
F:/projects/MidiController/MidiController/Middlewares/ST/STM32_USB_Host_Library/Core/Src/usbh_core.c:420:21:USBH_Stop	8	static
F:/projects/MidiController/MidiController/Middlewares/ST/STM32_USB_Host_Library/Core/Src/usbh_core.c:442:20:USBH_ReEnumerate	16	static
F:/projects/MidiController/MidiController/Middlewares/ST/STM32_USB_Host_Library/Core/Src/usbh_core.c:473:21:USBH_Process	48	static
F:/projects/MidiController/MidiController/Middlewares/ST/STM32_USB_Host_Library/Core/Src/usbh_core.c:1346:13:USBH_Process_OS	16	static
F:/projects/MidiController/MidiController/Middlewares/ST/STM32_USB_Host_Library/Core/Src/usbh_core.c:1183:7:USBH_LL_SetTimer	0	static
F:/projects/MidiController/MidiController/Middlewares/ST/STM32_USB_Host_Library/Core/Src/usbh_core.c:1195:7:USBH_LL_IncTimer	0	static
F:/projects/MidiController/MidiController/Middlewares/ST/STM32_USB_Host_Library/Core/Src/usbh_core.c:1223:6:USBH_LL_PortEnabled	0	static
F:/projects/MidiController/MidiController/Middlewares/ST/STM32_USB_Host_Library/Core/Src/usbh_core.c:1246:6:USBH_LL_PortDisabled	0	static
F:/projects/MidiController/MidiController/Middlewares/ST/STM32_USB_Host_Library/Core/Src/usbh_core.c:1260:9:USBH_IsPortEnabled	0	static
F:/projects/MidiController/MidiController/Middlewares/ST/STM32_USB_Host_Library/Core/Src/usbh_core.c:1272:21:USBH_LL_Connect	8	static
F:/projects/MidiController/MidiController/Middlewares/ST/STM32_USB_Host_Library/Core/Src/usbh_core.c:1298:21:USBH_LL_Disconnect	16	static
F:/projects/MidiController/MidiController/Middlewares/ST/STM32_USB_Host_Library/Core/Src/usbh_core.c:1369:21:USBH_LL_NotifyURBChange	8	static
