F:/projects/MidiController/MidiController/Core/Src/main.c:703:6:StartDefaultTask	8	static
F:/projects/MidiController/MidiController/Core/Src/main.c:99:5:__io_putchar	16	static
F:/projects/MidiController/MidiController/Core/Src/main.c:216:6:SystemClock_Config	128	static
F:/projects/MidiController/MidiController/Core/Src/main.c:278:6:PeriphCommonClock_Config	192	static
F:/projects/MidiController/MidiController/Core/Src/main.c:114:5:main	144	static,ignoring_inline_asm
F:/projects/MidiController/MidiController/Core/Src/main.c:794:6:HAL_TIM_PeriodElapsedCallback	0	static
F:/projects/MidiController/MidiController/Core/Src/main.c:811:6:Error_Handler	0	static
